cv=3 seed=42 done in 34.3s
cv=3 seed=2024 done in 34.7s
cv=3 seed=3407 done in 34.6s
cv=5 seed=42 done in 62.6s
cv=5 seed=2024 done in 69.5s
cv=5 seed=3407 done in 69.2s
cv=10 seed=42 done in 125.8s
cv=10 seed=2024 done in 133.1s
cv=10 seed=3407 done in 118.0s
 cv  risk_C descriptor_set     mean      std
  3     1.0         margin 0.896006 0.000202
  3     1.0        entropy 0.896006 0.000202
  3     0.1         margin 0.896006 0.000202
  3     0.1        entropy 0.896006 0.000202
  5     0.1        entropy 0.896006 0.000202
 10     0.1        entropy 0.896006 0.000202
 10     1.0        entropy 0.896006 0.000202
 10    10.0            all 0.896006 0.000202
  3    10.0         margin 0.896006 0.000202
  3    10.0        entropy 0.896006 0.000202
SELECTED: {"cv": 3, "risk_C": 1.0, "descriptor_set": "margin", "val_macro_f1_mean": 0.8960059196160892, "val_macro_f1_std": 0.00020199017868478288, "default_config": {"cv": 5, "risk_C": 1.0, "descriptor_set": "all"}, "selection_data": "validation partition only; test partition untouched", "search_space": {"cv": [3, 5, 10], "risk_C": [0.01, 0.1, 1.0, 10.0], "descriptor_set": ["all", "entropy", "margin"]}, "n_estimators": 100, "feature_k": 60, "train_sha256": "f525a61fe7d45508e1d8cc769b6daaaf264cbdbf15e66613dcd1728622ff87e2"}
