 seed  macro_f1_rccf  macro_f1_baseline     delta    ci_low   ci_high  mcnemar_p
   42       0.889284           0.891714 -0.002431 -0.004796 -0.000251   0.145996
 2024       0.891333           0.892294 -0.000961 -0.004234  0.002247   1.000000
 3407       0.889249           0.891144 -0.001896 -0.004740  0.000689   1.000000
    7       0.889284           0.890710 -0.001426 -0.005005  0.002056   0.607239
   13       0.888869           0.888488  0.000381 -0.002867  0.003373   1.000000
  101       0.887371           0.886525  0.000846 -0.002795  0.004484   0.753906
  202       0.889350           0.889205  0.000145 -0.003684  0.003696   0.387695
  303       0.890573           0.890302  0.000271 -0.002827  0.003302   0.687500
  404       0.889005           0.888262  0.000743 -0.003057  0.004405   1.000000
  505       0.888465           0.888697 -0.000232 -0.004656  0.003633   0.189247
{
  "mean_delta": -0.00045583621177428533,
  "pooled_ci_low": -0.004251483287061019,
  "pooled_ci_high": 0.0033817450071277895,
  "pooled_ci95_low": -0.004945646690930258,
  "pooled_ci95_high": 0.004194054684240459,
  "n_seeds": 10,
  "tost_equivalent_at_0.005": true,
  "tost_equivalent_at_0.01": true
}
